// Jest Snapshot v1, https://goo.gl/fbAQLP

exports[`NameForm renders NameForm should render correctly with no props 1`] = `
<input
  onChange={[Function]}
  type="text"
/>
`;
