// Jest Snapshot v1, https://goo.gl/fbAQLP

exports[`OptionList should render correctly with no props 1`] = `""`;
